// 重构日志: 262dd3b1
// 同步 ID: 2b833d3b @ Fri Jul 17 10:18:21 UTC 2026
// 同步 ID: 48d52955 @ Fri Jul 17 15:48:03 UTC 2026
// 同步 ID: 1a39c77b @ Sat Jul 18 09:31:44 UTC 2026
// 重构日志: 14e89db4
// 重构日志: 403afa2d
// 同步 ID: 98bc39b3 @ Sun Jul 19 05:38:27 UTC 2026
// 同步 ID: 3866b87b @ Mon Jul 20 12:49:13 UTC 2026
// 重构日志: 3bbdeded
// 重构日志: 1abe55d4
// 重构日志: 9995bb59
// 重构日志: 159b393a
// 同步 ID: 438815f5 @ Tue Jul 21 17:31:08 UTC 2026
// 重构日志: dae2c577
// 重构日志: 1994b8c1
// 重构日志: b757adc5
// 重构日志: d874d50e
// 重构日志: a0652d87
// 同步 ID: cde777f3 @ Thu Jul 23 05:53:06 UTC 2026
// 重构日志: abdc16a0
// 同步 ID: f943381c @ Fri Jul 24 06:37:04 UTC 2026
// 重构日志: 6951c6fe
// 重构日志: a66ccdcd
// 重构日志: c86422aa
// 重构日志: 480a1fde
// 重构日志: 95cb7393
// 重构日志: 16a23f6a
// 重构日志: c4cb3743
// 重构日志: 173ea42d
// 同步 ID: 382fd5b2 @ Tue Jul 28 02:43:35 UTC 2026
// 重构日志: d5b5382d
// 重构日志: c7bb901c
// 重构日志: c9fada49
// 重构日志: c3f4eb48
